// Vitest Snapshot v1, https://vitest.dev/guide/snapshot.html

exports[`db sign command (e2e) > creates marker when schema matches contract 1`] = `
"prisma-next contract emit → Write your contract to JSON and sign it
│
│ config:               prisma-next.config.ts
│ contract:             src/prisma/contract.json
│ types:                src/prisma/contract.d.ts
│
│ Read more             https://pris.ly/contract-emit
└

✔ Emitted contract.json → src/prisma/contract.json
✔ Emitted contract.d.ts → src/prisma/contract.d.ts
  coreHash: sha256:e3f250f138efa05c53e7ffabef349301b35703594703ec97b9208f47a4a1154c
  profileHash: sha256:213e9b660e9ab4c8929c891c2c428437b100c39f01bb17c1705d2f7b89588dff
✔ Success
prisma-next db sign → Sign the database with your contract so you can safely run queries
│
│ config:               prisma-next.config.ts
│ contract:             src/prisma/contract.json
│
│ Read more             https://pris.ly/db-sign
└

✔ Database signed
  from: none
  to:   sha256:e3f250f138efa05c53e7ffabef349301b35703594703ec97b9208f47a4a1154c"
`;

exports[`db sign command (e2e) > outputs JSON envelope with real database 1`] = `
{
  "contract": {
    "coreHash": "sha256:e3f250f138efa05c53e7ffabef349301b35703594703ec97b9208f47a4a1154c",
    "profileHash": "sha256:213e9b660e9ab4c8929c891c2c428437b100c39f01bb17c1705d2f7b89588dff",
  },
  "marker": {
    "created": true,
    "updated": false,
  },
  "meta": {
    "configPath": "prisma-next.config.ts",
    "contractPath": "<path>/contract.json",
  },
  "ok": true,
  "summary": "Database signed (marker created)",
  "target": {
    "actual": "postgres",
    "expected": "postgres",
  },
  "timings": {
    "total": Any<Number>,
  },
}
`;
