// Vitest Snapshot v1, https://vitest.dev/guide/snapshot.html

exports[`db sign command (e2e) > creates marker when schema matches contract 1`] = `
"prisma-next contract emit → Write your contract to JSON and sign it
│
│ config:               prisma-next.config.ts
│ contract:             src/prisma/contract.json
│ types:                src/prisma/contract.d.ts
│
│ Read more             https://pris.ly/contract-emit
└

✔ Emitted contract.json → src/prisma/contract.json
✔ Emitted contract.d.ts → src/prisma/contract.d.ts
  storageHash: sha256:ecaabcc36427dbc6531c3ccd47d71be75d85cf6bb6c2f4624cdf3c1cfcc82a7b
  profileHash: sha256:63e5d4149863bbeaac577749bd42a10cee1f01cc1cff05f6c42f2517cdfc6e51
✔ Success
prisma-next db sign → Sign the database with your contract so you can safely run queries
│
│ config:               prisma-next.config.ts
│ contract:             src/prisma/contract.json
│
│ Read more             https://pris.ly/db-sign
└

✔ Database signed
  from: none
  to:   sha256:ecaabcc36427dbc6531c3ccd47d71be75d85cf6bb6c2f4624cdf3c1cfcc82a7b"
`;

exports[`db sign command (e2e) > outputs JSON envelope with real database 1`] = `
{
  "contract": {
    "profileHash": "sha256:63e5d4149863bbeaac577749bd42a10cee1f01cc1cff05f6c42f2517cdfc6e51",
    "storageHash": "sha256:ecaabcc36427dbc6531c3ccd47d71be75d85cf6bb6c2f4624cdf3c1cfcc82a7b",
  },
  "marker": {
    "created": true,
    "updated": false,
  },
  "meta": {
    "configPath": "prisma-next.config.ts",
    "contractPath": "<path>/contract.json",
  },
  "ok": true,
  "summary": "Database signed (marker created)",
  "target": {
    "actual": "postgres",
    "expected": "postgres",
  },
  "timings": {
    "total": Any<Number>,
  },
}
`;
